// Jest Snapshot v1, https://goo.gl/fbAQLP

exports[`NoMatch renders NoMatch Page without crashing 1`] = `undefined`;

exports[`NoMatch renders NoMatch Page without crashing 2`] = `
<div>
  <h2>
    Nothing to see here!
  </h2>
  <p>
    <a
      href="/"
    >
      Go to the home page
    </a>
  </p>
</div>
`;

exports[`NoMatch renders NoMatch Page without crashing 3`] = `
<div>
  <h2>
    Nothing to see here!
  </h2>
  <p>
    <a
      href="/"
    >
      Go to the home page
    </a>
  </p>
</div>
`;
